#
# There is insufficient memory for the Java Runtime Environment to continue.
# Native memory allocation (malloc) failed to allocate 1313776 bytes. Error detail: Chunk::new
# Possible reasons:
#   The system is out of physical RAM or swap space
#   This process is running with CompressedOops enabled, and the Java Heap may be blocking the growth of the native heap
# Possible solutions:
#   Reduce memory load on the system
#   Increase physical memory or swap space
#   Check if swap backing store is full
#   Decrease Java heap size (-Xmx/-Xms)
#   Decrease number of Java threads
#   Decrease Java thread stack sizes (-Xss)
#   Set larger code cache with -XX:ReservedCodeCacheSize=
#   JVM is running with Unscaled Compressed Oops mode in which the Java heap is
#     placed in the first 4GB address space. The Java Heap base address is the
#     maximum limit for the native heap growth. Please use -XX:HeapBaseMinAddress
#     to set the Java Heap base and to place the Java Heap above 4GB virtual address.
# This output file may be truncated or incomplete.
#
#  Out of Memory Error (arena.cpp:168), pid=10904, tid=18260
#
# JRE version: OpenJDK Runtime Environment Temurin-21.0.10+7 (21.0.10+7) (build 21.0.10+7-LTS)
# Java VM: OpenJDK 64-Bit Server VM Temurin-21.0.10+7 (21.0.10+7-LTS, mixed mode, sharing, tiered, compressed oops, compressed class ptrs, parallel gc, windows-amd64)
# No core dump will be written. Minidumps are not enabled by default on client versions of Windows
#

---------------  S U M M A R Y ------------

Command Line: --add-modules=ALL-SYSTEM --add-opens=java.base/java.util=ALL-UNNAMED --add-opens=java.base/java.lang=ALL-UNNAMED --add-opens=java.base/sun.nio.fs=ALL-UNNAMED -Declipse.application=org.eclipse.jdt.ls.core.id1 -Dosgi.bundles.defaultStartLevel=4 -Declipse.product=org.eclipse.jdt.ls.core.product -Djava.import.generatesMetadataFilesAtProjectRoot=false -DDetectVMInstallationsJob.disabled=true -Dfile.encoding=utf8 -XX:+UseParallelGC -XX:GCTimeRatio=4 -XX:AdaptiveSizePolicyWeight=90 -Dsun.zip.disableMemoryMapping=true -Xmx2G -Xms100m -Xlog:disable -javaagent:c:\Users\Administrator\.vscode\extensions\redhat.java-1.54.0-win32-x64\lombok\lombok-1.18.39-4050.jar -XX:+HeapDumpOnOutOfMemoryError -XX:HeapDumpPath=c:\Users\Administrator\AppData\Roaming\Code\User\workspaceStorage\afe2f5c12785859c5b06f73c34bd9f89\redhat.java -Daether.dependencyCollector.impl=bf c:\Users\Administrator\.vscode\extensions\redhat.java-1.54.0-win32-x64\server\plugins\org.eclipse.equinox.launcher_1.7.100.v20251111-0406.jar -configuration c:\Users\Administrator\AppData\Roaming\Code\User\globalStorage\redhat.java\1.54.0\config_win -data c:\Users\Administrator\AppData\Roaming\Code\User\workspaceStorage\afe2f5c12785859c5b06f73c34bd9f89\redhat.java\jdt_ws --pipe=\\.\pipe\lsp-9932a90997eb4455086b45b77b10f523-sock

Host: Intel(R) Core(TM) i5-8350U CPU @ 1.70GHz, 8 cores, 7G,  Windows 11 , 64 bit Build 26100 (10.0.26100.8246)
Time: Tue Apr 28 21:28:37 2026 Argentina Standard Time elapsed time: 3135.709329 seconds (0d 0h 52m 15s)

---------------  T H R E A D  ---------------

Current thread (0x0000020efee6f060):  JavaThread "C2 CompilerThread1" daemon [_thread_in_native, id=18260, stack(0x00000042e4c00000,0x00000042e4d00000) (1024K)]


Current CompileTask:
C2:3135709 19293       4       org.eclipse.jdt.internal.core.builder.NameEnvironment::getModulesDeclaringPackage (336 bytes)

Stack: [0x00000042e4c00000,0x00000042e4d00000]
Native frames: (J=compiled Java code, j=interpreted, Vv=VM code, C=native code)
V  [jvm.dll+0x6d7a39]
V  [jvm.dll+0x8b4b26]
V  [jvm.dll+0x8b70de]
V  [jvm.dll+0x8b77c3]
V  [jvm.dll+0x284346]
V  [jvm.dll+0xc66ed]
V  [jvm.dll+0xc6c31]
V  [jvm.dll+0x3bec01]
V  [jvm.dll+0x38b162]
V  [jvm.dll+0x38a5aa]
V  [jvm.dll+0x24c560]
V  [jvm.dll+0x24bb40]
V  [jvm.dll+0x1cb34e]
V  [jvm.dll+0x25b85d]
V  [jvm.dll+0x259dea]
V  [jvm.dll+0x3f857e]
V  [jvm.dll+0x85f59d]
V  [jvm.dll+0x6d626d]
C  [ucrtbase.dll+0x37b0]
C  [KERNEL32.DLL+0x2e8d7]
C  [ntdll.dll+0x8c3fc]


---------------  P R O C E S S  ---------------

Threads class SMR info:
_java_thread_list=0x0000020ec23f7070, length=55, elements={
0x0000020edfd8dec0, 0x0000020edfe3dd80, 0x0000020ef67fb790, 0x0000020ef67fd7c0,
0x0000020ef67fe350, 0x0000020ef68033d0, 0x0000020ef6803e30, 0x0000020ef6804c70,
0x0000020ef80e8d50, 0x0000020ef82fbd30, 0x0000020ef83a26c0, 0x0000020ef8be7200,
0x0000020ef8bed330, 0x0000020ef8bef400, 0x0000020ef8bee050, 0x0000020ef8befa90,
0x0000020efda8cd80, 0x0000020efda8d410, 0x0000020efda8daa0, 0x0000020efda8c060,
0x0000020efda90f20, 0x0000020efda92960, 0x0000020efda91c40, 0x0000020efda8f4e0,
0x0000020efda93680, 0x0000020efda922d0, 0x0000020efda92ff0, 0x0000020ef8bed9c0,
0x0000020ef8becca0, 0x0000020ef8bee6e0, 0x0000020ef8beed70, 0x0000020efda8ee50,
0x0000020efe96b030, 0x0000020efe96c3e0, 0x0000020efe96a9a0, 0x0000020efe96bd50,
0x0000020ec22687b0, 0x0000020ec2269b60, 0x0000020ec22694d0, 0x0000020ec22666e0,
0x0000020ec2266d70, 0x0000020ec226af10, 0x0000020ec226c950, 0x0000020ec226cfe0,
0x0000020efe968f60, 0x0000020efe965ae0, 0x0000020efe9695f0, 0x0000020efe969c80,
0x0000020efe966800, 0x0000020efe96a310, 0x0000020efe96b6c0, 0x0000020efda8e7c0,
0x0000020efda8c6f0, 0x0000020efda90200, 0x0000020efee6f060
}

Java Threads: ( => current thread )
  0x0000020edfd8dec0 JavaThread "main"                              [_thread_blocked, id=4724, stack(0x00000042e1500000,0x00000042e1600000) (1024K)]
  0x0000020edfe3dd80 JavaThread "Reference Handler"          daemon [_thread_blocked, id=23180, stack(0x00000042e1900000,0x00000042e1a00000) (1024K)]
  0x0000020ef67fb790 JavaThread "Finalizer"                  daemon [_thread_blocked, id=22880, stack(0x00000042e1a00000,0x00000042e1b00000) (1024K)]
  0x0000020ef67fd7c0 JavaThread "Signal Dispatcher"          daemon [_thread_blocked, id=1472, stack(0x00000042e1b00000,0x00000042e1c00000) (1024K)]
  0x0000020ef67fe350 JavaThread "Attach Listener"            daemon [_thread_blocked, id=12944, stack(0x00000042e1c00000,0x00000042e1d00000) (1024K)]
  0x0000020ef68033d0 JavaThread "Service Thread"             daemon [_thread_blocked, id=18896, stack(0x00000042e1d00000,0x00000042e1e00000) (1024K)]
  0x0000020ef6803e30 JavaThread "Monitor Deflation Thread"   daemon [_thread_blocked, id=21204, stack(0x00000042e1e00000,0x00000042e1f00000) (1024K)]
  0x0000020ef6804c70 JavaThread "C2 CompilerThread0"         daemon [_thread_blocked, id=18380, stack(0x00000042e1f00000,0x00000042e2000000) (1024K)]
  0x0000020ef80e8d50 JavaThread "C1 CompilerThread0"         daemon [_thread_blocked, id=17900, stack(0x00000042e2000000,0x00000042e2100000) (1024K)]
  0x0000020ef82fbd30 JavaThread "Common-Cleaner"             daemon [_thread_blocked, id=7276, stack(0x00000042e2200000,0x00000042e2300000) (1024K)]
  0x0000020ef83a26c0 JavaThread "Notification Thread"        daemon [_thread_blocked, id=20048, stack(0x00000042e2100000,0x00000042e2200000) (1024K)]
  0x0000020ef8be7200 JavaThread "Active Thread: Equinox Container: 0dd7e2ed-2fd2-46bb-97dd-6069b5ec706d"        [_thread_blocked, id=7368, stack(0x00000042e2f00000,0x00000042e3000000) (1024K)]
  0x0000020ef8bed330 JavaThread "Framework Event Dispatcher: Equinox Container: 0dd7e2ed-2fd2-46bb-97dd-6069b5ec706d" daemon [_thread_blocked, id=22436, stack(0x00000042e2300000,0x00000042e2400000) (1024K)]
  0x0000020ef8bef400 JavaThread "Start Level: Equinox Container: 0dd7e2ed-2fd2-46bb-97dd-6069b5ec706d" daemon [_thread_blocked, id=8708, stack(0x00000042e2a00000,0x00000042e2b00000) (1024K)]
  0x0000020ef8bee050 JavaThread "Bundle File Closer"         daemon [_thread_blocked, id=21236, stack(0x00000042e2d00000,0x00000042e2e00000) (1024K)]
  0x0000020ef8befa90 JavaThread "Refresh Thread: Equinox Container: 0dd7e2ed-2fd2-46bb-97dd-6069b5ec706d" daemon [_thread_blocked, id=2152, stack(0x00000042e2e00000,0x00000042e2f00000) (1024K)]
  0x0000020efda8cd80 JavaThread "SCR Component Actor"        daemon [_thread_blocked, id=17452, stack(0x00000042e3000000,0x00000042e3100000) (1024K)]
  0x0000020efda8d410 JavaThread "Worker-JM"                         [_thread_blocked, id=19880, stack(0x00000042e3a00000,0x00000042e3b00000) (1024K)]
  0x0000020efda8daa0 JavaThread "JNA Cleaner"                daemon [_thread_blocked, id=20328, stack(0x00000042e3b00000,0x00000042e3c00000) (1024K)]
  0x0000020efda8c060 JavaThread "Java indexing"              daemon [_thread_blocked, id=17620, stack(0x00000042e3100000,0x00000042e3200000) (1024K)]
  0x0000020efda90f20 JavaThread "Thread-1"                   daemon [_thread_in_native, id=9508, stack(0x00000042e3700000,0x00000042e3800000) (1024K)]
  0x0000020efda92960 JavaThread "Thread-2"                   daemon [_thread_in_native, id=17912, stack(0x00000042e3800000,0x00000042e3900000) (1024K)]
  0x0000020efda91c40 JavaThread "Thread-3"                   daemon [_thread_in_native, id=9836, stack(0x00000042e3e00000,0x00000042e3f00000) (1024K)]
  0x0000020efda8f4e0 JavaThread "Thread-4"                   daemon [_thread_in_native, id=3924, stack(0x00000042e3f00000,0x00000042e4000000) (1024K)]
  0x0000020efda93680 JavaThread "Thread-5"                   daemon [_thread_in_native, id=6664, stack(0x00000042e4000000,0x00000042e4100000) (1024K)]
  0x0000020efda922d0 JavaThread "Thread-6"                   daemon [_thread_in_native, id=12076, stack(0x00000042e4100000,0x00000042e4200000) (1024K)]
  0x0000020efda92ff0 JavaThread "Thread-7"                   daemon [_thread_in_native, id=16828, stack(0x00000042e4200000,0x00000042e4300000) (1024K)]
  0x0000020ef8bed9c0 JavaThread "Thread-8"                   daemon [_thread_in_native, id=17464, stack(0x00000042e4300000,0x00000042e4400000) (1024K)]
  0x0000020ef8becca0 JavaThread "Thread-9"                   daemon [_thread_in_native, id=16280, stack(0x00000042e4400000,0x00000042e4500000) (1024K)]
  0x0000020ef8bee6e0 JavaThread "pool-2-thread-1"                   [_thread_blocked, id=4804, stack(0x00000042e4500000,0x00000042e4600000) (1024K)]
  0x0000020ef8beed70 JavaThread "WorkspaceEventsHandler"            [_thread_blocked, id=22368, stack(0x00000042e4600000,0x00000042e4700000) (1024K)]
  0x0000020efda8ee50 JavaThread "pool-1-thread-1"                   [_thread_blocked, id=15548, stack(0x00000042e4700000,0x00000042e4800000) (1024K)]
  0x0000020efe96b030 JavaThread "Cleaner-0"                  daemon [_thread_blocked, id=8868, stack(0x00000042e3400000,0x00000042e3500000) (1024K)]
  0x0000020efe96c3e0 JavaThread "Java Debug Server"          daemon [_thread_in_native, id=2560, stack(0x00000042e3300000,0x00000042e3400000) (1024K)]
  0x0000020efe96a9a0 JavaThread "RxSchedulerPurge-1"         daemon [_thread_blocked, id=18564, stack(0x00000042e3c00000,0x00000042e3d00000) (1024K)]
  0x0000020efe96bd50 JavaThread "RxCachedWorkerPoolEvictor-1" daemon [_thread_blocked, id=22328, stack(0x00000042e3d00000,0x00000042e3e00000) (1024K)]
  0x0000020ec22687b0 JavaThread "Worker-24"                         [_thread_blocked, id=16312, stack(0x00000042e1400000,0x00000042e1500000) (1024K)]
  0x0000020ec2269b60 JavaThread "Worker-28"                         [_thread_blocked, id=21700, stack(0x00000042e2c00000,0x00000042e2d00000) (1024K)]
  0x0000020ec22694d0 JavaThread "Worker-30"                         [_thread_blocked, id=11492, stack(0x00000042e1300000,0x00000042e1400000) (1024K)]
  0x0000020ec22666e0 JavaThread "ForkJoinPool.commonPool-worker-25" daemon [_thread_blocked, id=9964, stack(0x00000042e3200000,0x00000042e3300000) (1024K)]
  0x0000020ec2266d70 JavaThread "Worker-31"                         [_thread_blocked, id=18748, stack(0x00000042e3500000,0x00000042e3600000) (1024K)]
  0x0000020ec226af10 JavaThread "Worker-32"                         [_thread_blocked, id=9852, stack(0x00000042e3600000,0x00000042e3700000) (1024K)]
  0x0000020ec226c950 JavaThread "Worker-33: Building"               [_thread_blocked, id=17504, stack(0x00000042e3900000,0x00000042e3a00000) (1024K)]
  0x0000020ec226cfe0 JavaThread "Worker-34"                         [_thread_blocked, id=13236, stack(0x00000042e4800000,0x00000042e4900000) (1024K)]
  0x0000020efe968f60 JavaThread "ForkJoinPool.commonPool-worker-26" daemon [_thread_blocked, id=10236, stack(0x00000042e4900000,0x00000042e4a00000) (1024K)]
  0x0000020efe965ae0 JavaThread "ForkJoinPool.commonPool-worker-27" daemon [_thread_blocked, id=9444, stack(0x00000042e4a00000,0x00000042e4b00000) (1024K)]
  0x0000020efe9695f0 JavaThread "ForkJoinPool.commonPool-worker-28" daemon [_thread_blocked, id=11832, stack(0x00000042e4b00000,0x00000042e4c00000) (1024K)]
  0x0000020efe969c80 JavaThread "Compiler Source File Reader" daemon [_thread_blocked, id=7948, stack(0x00000042e4d00000,0x00000042e4e00000) (1024K)]
  0x0000020efe966800 JavaThread "Compiler Processing Task"   daemon [_thread_blocked, id=20288, stack(0x00000042e4e00000,0x00000042e4f00000) (1024K)]
  0x0000020efe96a310 JavaThread "Compiler Source File Reader" daemon [_thread_blocked, id=5956, stack(0x00000042e4f00000,0x00000042e5000000) (1024K)]
  0x0000020efe96b6c0 JavaThread "Compiler Source File Reader" daemon [_thread_blocked, id=19780, stack(0x00000042e5000000,0x00000042e5100000) (1024K)]
  0x0000020efda8e7c0 JavaThread "Compiler Source File Reader" daemon [_thread_blocked, id=21064, stack(0x00000042e5100000,0x00000042e5200000) (1024K)]
  0x0000020efda8c6f0 JavaThread "Compiler Source File Reader" daemon [_thread_blocked, id=23536, stack(0x00000042e5200000,0x00000042e5300000) (1024K)]
  0x0000020efda90200 JavaThread "Compiler Source File Reader" daemon [_thread_blocked, id=8964, stack(0x00000042e5300000,0x00000042e5400000) (1024K)]
=>0x0000020efee6f060 JavaThread "C2 CompilerThread1"         daemon [_thread_in_native, id=18260, stack(0x00000042e4c00000,0x00000042e4d00000) (1024K)]
Total: 55

Other Threads:
  0x0000020ef67f2df0 VMThread "VM Thread"                           [id=3140, stack(0x00000042e1800000,0x00000042e1900000) (1024K)]
  0x0000020ef670ca00 WatcherThread "VM Periodic Task Thread"        [id=19992, stack(0x00000042e1700000,0x00000042e1800000) (1024K)]
  0x0000020edfd9f270 WorkerThread "GC Thread#0"                     [id=16236, stack(0x00000042e1600000,0x00000042e1700000) (1024K)]
  0x0000020ef864c3e0 WorkerThread "GC Thread#1"                     [id=19224, stack(0x00000042e2400000,0x00000042e2500000) (1024K)]
  0x0000020ef864c790 WorkerThread "GC Thread#2"                     [id=20836, stack(0x00000042e2500000,0x00000042e2600000) (1024K)]
  0x0000020ef86cdef0 WorkerThread "GC Thread#3"                     [id=17172, stack(0x00000042e2600000,0x00000042e2700000) (1024K)]
  0x0000020ef86cd790 WorkerThread "GC Thread#4"                     [id=7344, stack(0x00000042e2700000,0x00000042e2800000) (1024K)]
  0x0000020ef86cc8d0 WorkerThread "GC Thread#5"                     [id=22716, stack(0x00000042e2800000,0x00000042e2900000) (1024K)]
  0x0000020ef86cc520 WorkerThread "GC Thread#6"                     [id=8548, stack(0x00000042e2900000,0x00000042e2a00000) (1024K)]
  0x0000020ef86cd030 WorkerThread "GC Thread#7"                     [id=22192, stack(0x00000042e2b00000,0x00000042e2c00000) (1024K)]
Total: 10

Threads with active compile tasks:
C2 CompilerThread1  3135750 19293       4       org.eclipse.jdt.internal.core.builder.NameEnvironment::getModulesDeclaringPackage (336 bytes)
Total: 1

VM state: at safepoint (normal execution)

VM Mutex/Monitor currently owned by a thread:  ([mutex/lock_event])
[0x00007ffc89bde560] Threads_lock - owner thread: 0x0000020ef67f2df0
[0x00007ffc89bde660] Heap_lock - owner thread: 0x0000020efda8c060
[0x00007ffc89bdeae0] PSOldGenExpand_lock - owner thread: 0x0000020ef86cd030

Heap address: 0x0000000080000000, size: 2048 MB, Compressed Oops mode: 32-bit

CDS archive(s) mapped at: [0x0000020e80000000-0x0000020e80ba0000-0x0000020e80ba0000), size 12189696, SharedBaseAddress: 0x0000020e80000000, ArchiveRelocationMode: 1.
Compressed class space mapped at: 0x0000020e81000000-0x0000020ec1000000, reserved size: 1073741824
Narrow klass base: 0x0000020e80000000, Narrow klass shift: 0, Narrow klass range: 0x100000000

GC Precious Log:
 CardTable entry size: 512
 CPUs: 8 total, 8 available
 Memory: 8035M
 Large Page Support: Disabled
 NUMA Support: Disabled
 Compressed Oops: Enabled (32-bit)
 Alignments: Space 512K, Generation 512K, Heap 2M
 Heap Min Capacity: 100M
 Heap Initial Capacity: 100M
 Heap Max Capacity: 2G
 Pre-touch: Disabled
 Parallel Workers: 8

Heap:
 PSYoungGen      total 6144K, used 6123K [0x00000000d5580000, 0x00000000d6280000, 0x0000000100000000)
  eden space 4096K, 100% used [0x00000000d5580000,0x00000000d5980000,0x00000000d5980000)
  from space 2048K, 98% used [0x00000000d5980000,0x00000000d5b7ac78,0x00000000d5b80000)
  to   space 4608K, 80% used [0x00000000d5e00000,0x00000000d61a0478,0x00000000d6280000)
 ParOldGen       total 1086976K, used 1086677K [0x0000000080000000, 0x00000000c2580000, 0x00000000d5580000)
  object space 1086976K, 99% used [0x0000000080000000,0x00000000c25354c8,0x00000000c2580000)
 Metaspace       used 86459K, committed 88128K, reserved 1179648K
  class space    used 8954K, committed 9664K, reserved 1048576K

Card table byte_map: [0x0000020edf720000,0x0000020edfb30000] _byte_map_base: 0x0000020edf320000

Marking Bits: (ParMarkBitMap*) 0x00007ffc89be3450
 Begin Bits: [0x0000020ef2230000, 0x0000020ef4230000)
 End Bits:   [0x0000020ef4230000, 0x0000020ef6230000)

Polling page: 0x0000020eddd60000

Metaspace:

Usage:
  Non-class:     75.69 MB used.
      Class:      8.74 MB used.
       Both:     84.43 MB used.

Virtual space:
  Non-class space:      128.00 MB reserved,      76.62 MB ( 60%) committed,  2 nodes.
      Class space:        1.00 GB reserved,       9.44 MB ( <1%) committed,  1 nodes.
             Both:        1.12 GB reserved,      86.06 MB (  7%) committed. 

Chunk freelists:
   Non-Class:  3.35 MB
       Class:  6.40 MB
        Both:  9.75 MB

MaxMetaspaceSize: unlimited
CompressedClassSpaceSize: 1.00 GB
Initial GC threshold: 21.00 MB
Current GC threshold: 139.38 MB
CDS: on
 - commit_granule_bytes: 65536.
 - commit_granule_words: 8192.
 - virtual_space_node_default_size: 8388608.
 - enlarge_chunks_in_place: 1.
 - use_allocation_guard: 0.


Internal statistics:

num_allocs_failed_limit: 9.
num_arena_births: 1762.
num_arena_deaths: 488.
num_vsnodes_births: 3.
num_vsnodes_deaths: 0.
num_space_committed: 1377.
num_space_uncommitted: 0.
num_chunks_returned_to_freelist: 597.
num_chunks_taken_from_freelist: 6054.
num_chunk_merges: 175.
num_chunk_splits: 3494.
num_chunks_enlarged: 1924.
num_inconsistent_stats: 0.

CodeHeap 'non-profiled nmethods': size=120000Kb used=18114Kb max_used=18114Kb free=101885Kb
 bounds [0x0000020eeaa50000, 0x0000020eebc10000, 0x0000020ef1f80000]
CodeHeap 'profiled nmethods': size=120000Kb used=42033Kb max_used=42033Kb free=77966Kb
 bounds [0x0000020ee2f80000, 0x0000020ee5890000, 0x0000020eea4b0000]
CodeHeap 'non-nmethods': size=5760Kb used=1534Kb max_used=1656Kb free=4225Kb
 bounds [0x0000020eea4b0000, 0x0000020eea720000, 0x0000020eeaa50000]
CodeCache: size=245760Kb, used=61681Kb, max_used=61803Kb, free=184076Kb
 total_blobs=18006, nmethods=17148, adapters=759, full_count=0
Compilation: enabled, stopped_count=0, restarted_count=0

Compilation events (20 events):
Event: 3134.487 Thread 0x0000020ef80e8d50 nmethod 19309 0x0000020eebbfa810 code [0x0000020eebbfa9a0, 0x0000020eebbfaa68]
Event: 3134.487 Thread 0x0000020ef80e8d50 19308       3       java.util.stream.Collectors$$Lambda/0x800000045::get (8 bytes)
Event: 3134.488 Thread 0x0000020ef80e8d50 nmethod 19308 0x0000020ee5889d90 code [0x0000020ee5889f60, 0x0000020ee588a3e8]
Event: 3134.497 Thread 0x0000020ef6804c70 nmethod 19290 0x0000020eebbfab10 code [0x0000020eebbfae20, 0x0000020eebbfbd38]
Event: 3134.498 Thread 0x0000020ef6804c70 19300       4       org.eclipse.core.internal.resources.MarkerManager::basicRemoveMarkers (209 bytes)
Event: 3134.522 Thread 0x0000020ef6804c70 nmethod 19300 0x0000020eebbfca90 code [0x0000020eebbfcce0, 0x0000020eebbfd5a8]
Event: 3134.522 Thread 0x0000020ef6804c70 19301       4       org.eclipse.core.internal.resources.MarkerManager::lambda$2 (26 bytes)
Event: 3134.544 Thread 0x0000020ef6804c70 nmethod 19301 0x0000020eebbfdc90 code [0x0000020eebbfdee0, 0x0000020eebbfe800]
Event: 3134.544 Thread 0x0000020ef6804c70 19302       4       org.eclipse.core.internal.resources.MarkerManager$$Lambda/0x0000020e816c7638::visitElement (19 bytes)
Event: 3134.567 Thread 0x0000020ef6804c70 nmethod 19302 0x0000020eebbfef10 code [0x0000020eebbff160, 0x0000020eebbffb10]
Event: 3134.600 Thread 0x0000020ef6804c70 19313       4       org.codehaus.plexus.util.MatchPatterns::matches (49 bytes)
Event: 3134.605 Thread 0x0000020ef6804c70 nmethod 19313 0x0000020eebc00210 code [0x0000020eebc003c0, 0x0000020eebc00590]
Event: 3134.664 Thread 0x0000020ef80e8d50 19314       1       org.codehaus.plexus.component.repository.ComponentSetDescriptor::getComponents (5 bytes)
Event: 3134.664 Thread 0x0000020ef80e8d50 nmethod 19314 0x0000020eebc00790 code [0x0000020eebc00920, 0x0000020eebc009e8]
Event: 3134.665 Thread 0x0000020ef80e8d50 19315       3       com.google.inject.internal.ConstructorBindingImpl$Factory::get (52 bytes)
Event: 3134.666 Thread 0x0000020ef80e8d50 nmethod 19315 0x0000020ee588a590 code [0x0000020ee588a760, 0x0000020ee588aa48]
Event: 3134.666 Thread 0x0000020ef80e8d50 19316   !   3       com.google.inject.internal.ConstructorInjector::construct (136 bytes)
Event: 3134.667 Thread 0x0000020ef80e8d50 nmethod 19316 0x0000020ee588ab90 code [0x0000020ee588ae00, 0x0000020ee588b680]
Event: 3134.674 Thread 0x0000020ef80e8d50 19317       3       org.apache.maven.plugin.PluginParameterExpressionEvaluator::stripTokens (38 bytes)
Event: 3134.674 Thread 0x0000020ef80e8d50 nmethod 19317 0x0000020ee588bb90 code [0x0000020ee588bda0, 0x0000020ee588c298]

GC Heap History (20 events):
Event: 3134.239 GC heap after
{Heap after GC invocations=604 (full 4):
 PSYoungGen      total 4608K, used 512K [0x00000000d5580000, 0x00000000d6280000, 0x0000000100000000)
  eden space 4096K, 0% used [0x00000000d5580000,0x00000000d5580000,0x00000000d5980000)
  from space 512K, 100% used [0x00000000d5f00000,0x00000000d5f80000,0x00000000d5f80000)
  to   space 4608K, 0% used [0x00000000d5980000,0x00000000d5980000,0x00000000d5e00000)
 ParOldGen       total 1009664K, used 1009433K [0x0000000080000000, 0x00000000bda00000, 0x00000000d5580000)
  object space 1009664K, 99% used [0x0000000080000000,0x00000000bd9c6538,0x00000000bda00000)
 Metaspace       used 86453K, committed 88128K, reserved 1179648K
  class space    used 8954K, committed 9664K, reserved 1048576K
}
Event: 3134.249 GC heap before
{Heap before GC invocations=605 (full 4):
 PSYoungGen      total 4608K, used 4545K [0x00000000d5580000, 0x00000000d6280000, 0x0000000100000000)
  eden space 4096K, 98% used [0x00000000d5580000,0x00000000d5970510,0x00000000d5980000)
  from space 512K, 100% used [0x00000000d5f00000,0x00000000d5f80000,0x00000000d5f80000)
  to   space 4608K, 0% used [0x00000000d5980000,0x00000000d5980000,0x00000000d5e00000)
 ParOldGen       total 1009664K, used 1009433K [0x0000000080000000, 0x00000000bda00000, 0x00000000d5580000)
  object space 1009664K, 99% used [0x0000000080000000,0x00000000bd9c6538,0x00000000bda00000)
 Metaspace       used 86453K, committed 88128K, reserved 1179648K
  class space    used 8954K, committed 9664K, reserved 1048576K
}
Event: 3134.254 GC heap after
{Heap after GC invocations=605 (full 4):
 PSYoungGen      total 8704K, used 4102K [0x00000000d5580000, 0x00000000d6280000, 0x0000000100000000)
  eden space 4096K, 0% used [0x00000000d5580000,0x00000000d5580000,0x00000000d5980000)
  from space 4608K, 89% used [0x00000000d5980000,0x00000000d5d81980,0x00000000d5e00000)
  to   space 4608K, 0% used [0x00000000d5e00000,0x00000000d5e00000,0x00000000d6280000)
 ParOldGen       total 1010176K, used 1009969K [0x0000000080000000, 0x00000000bda80000, 0x00000000d5580000)
  object space 1010176K, 99% used [0x0000000080000000,0x00000000bda4c538,0x00000000bda80000)
 Metaspace       used 86453K, committed 88128K, reserved 1179648K
  class space    used 8954K, committed 9664K, reserved 1048576K
}
Event: 3134.269 GC heap before
{Heap before GC invocations=606 (full 4):
 PSYoungGen      total 8704K, used 8198K [0x00000000d5580000, 0x00000000d6280000, 0x0000000100000000)
  eden space 4096K, 100% used [0x00000000d5580000,0x00000000d5980000,0x00000000d5980000)
  from space 4608K, 89% used [0x00000000d5980000,0x00000000d5d81980,0x00000000d5e00000)
  to   space 4608K, 0% used [0x00000000d5e00000,0x00000000d5e00000,0x00000000d6280000)
 ParOldGen       total 1010176K, used 1009969K [0x0000000080000000, 0x00000000bda80000, 0x00000000d5580000)
  object space 1010176K, 99% used [0x0000000080000000,0x00000000bda4c538,0x00000000bda80000)
 Metaspace       used 86453K, committed 88128K, reserved 1179648K
  class space    used 8954K, committed 9664K, reserved 1048576K
}
Event: 3134.275 GC heap after
{Heap after GC invocations=606 (full 4):
 PSYoungGen      total 7680K, used 3357K [0x00000000d5580000, 0x00000000d6180000, 0x0000000100000000)
  eden space 4096K, 0% used [0x00000000d5580000,0x00000000d5580000,0x00000000d5980000)
  from space 3584K, 93% used [0x00000000d5e00000,0x00000000d6147698,0x00000000d6180000)
  to   space 4096K, 0% used [0x00000000d5980000,0x00000000d5980000,0x00000000d5d80000)
 ParOldGen       total 1014272K, used 1013984K [0x0000000080000000, 0x00000000bde80000, 0x00000000d5580000)
  object space 1014272K, 99% used [0x0000000080000000,0x00000000bde38270,0x00000000bde80000)
 Metaspace       used 86453K, committed 88128K, reserved 1179648K
  class space    used 8954K, committed 9664K, reserved 1048576K
}
Event: 3134.315 GC heap before
{Heap before GC invocations=607 (full 4):
 PSYoungGen      total 7680K, used 7453K [0x00000000d5580000, 0x00000000d6180000, 0x0000000100000000)
  eden space 4096K, 100% used [0x00000000d5580000,0x00000000d5980000,0x00000000d5980000)
  from space 3584K, 93% used [0x00000000d5e00000,0x00000000d6147698,0x00000000d6180000)
  to   space 4096K, 0% used [0x00000000d5980000,0x00000000d5980000,0x00000000d5d80000)
 ParOldGen       total 1014272K, used 1013984K [0x0000000080000000, 0x00000000bde80000, 0x00000000d5580000)
  object space 1014272K, 99% used [0x0000000080000000,0x00000000bde38270,0x00000000bde80000)
 Metaspace       used 86455K, committed 88128K, reserved 1179648K
  class space    used 8954K, committed 9664K, reserved 1048576K
}
Event: 3134.323 GC heap after
{Heap after GC invocations=607 (full 4):
 PSYoungGen      total 7680K, used 3296K [0x00000000d5580000, 0x00000000d6080000, 0x0000000100000000)
  eden space 4096K, 0% used [0x00000000d5580000,0x00000000d5580000,0x00000000d5980000)
  from space 3584K, 91% used [0x00000000d5980000,0x00000000d5cb8000,0x00000000d5d00000)
  to   space 3584K, 0% used [0x00000000d5d00000,0x00000000d5d00000,0x00000000d6080000)
 ParOldGen       total 1017344K, used 1017228K [0x0000000080000000, 0x00000000be180000, 0x00000000d5580000)
  object space 1017344K, 99% used [0x0000000080000000,0x00000000be163260,0x00000000be180000)
 Metaspace       used 86455K, committed 88128K, reserved 1179648K
  class space    used 8954K, committed 9664K, reserved 1048576K
}
Event: 3134.343 GC heap before
{Heap before GC invocations=608 (full 4):
 PSYoungGen      total 7680K, used 7392K [0x00000000d5580000, 0x00000000d6080000, 0x0000000100000000)
  eden space 4096K, 100% used [0x00000000d5580000,0x00000000d5980000,0x00000000d5980000)
  from space 3584K, 91% used [0x00000000d5980000,0x00000000d5cb8000,0x00000000d5d00000)
  to   space 3584K, 0% used [0x00000000d5d00000,0x00000000d5d00000,0x00000000d6080000)
 ParOldGen       total 1017344K, used 1017228K [0x0000000080000000, 0x00000000be180000, 0x00000000d5580000)
  object space 1017344K, 99% used [0x0000000080000000,0x00000000be163260,0x00000000be180000)
 Metaspace       used 86455K, committed 88128K, reserved 1179648K
  class space    used 8954K, committed 9664K, reserved 1048576K
}
Event: 3134.350 GC heap after
{Heap after GC invocations=608 (full 4):
 PSYoungGen      total 5632K, used 1466K [0x00000000d5580000, 0x00000000d5e80000, 0x0000000100000000)
  eden space 4096K, 0% used [0x00000000d5580000,0x00000000d5580000,0x00000000d5980000)
  from space 1536K, 95% used [0x00000000d5d00000,0x00000000d5e6e900,0x00000000d5e80000)
  to   space 2560K, 0% used [0x00000000d5980000,0x00000000d5980000,0x00000000d5c00000)
 ParOldGen       total 1020928K, used 1020468K [0x0000000080000000, 0x00000000be500000, 0x00000000d5580000)
  object space 1020928K, 99% used [0x0000000080000000,0x00000000be48d260,0x00000000be500000)
 Metaspace       used 86455K, committed 88128K, reserved 1179648K
  class space    used 8954K, committed 9664K, reserved 1048576K
}
Event: 3134.391 GC heap before
{Heap before GC invocations=609 (full 4):
 PSYoungGen      total 5632K, used 5562K [0x00000000d5580000, 0x00000000d5e80000, 0x0000000100000000)
  eden space 4096K, 100% used [0x00000000d5580000,0x00000000d5980000,0x00000000d5980000)
  from space 1536K, 95% used [0x00000000d5d00000,0x00000000d5e6e900,0x00000000d5e80000)
  to   space 2560K, 0% used [0x00000000d5980000,0x00000000d5980000,0x00000000d5c00000)
 ParOldGen       total 1020928K, used 1020468K [0x0000000080000000, 0x00000000be500000, 0x00000000d5580000)
  object space 1020928K, 99% used [0x0000000080000000,0x00000000be48d260,0x00000000be500000)
 Metaspace       used 86455K, committed 88128K, reserved 1179648K
  class space    used 8954K, committed 9664K, reserved 1048576K
}
Event: 3134.397 GC heap after
{Heap after GC invocations=609 (full 4):
 PSYoungGen      total 6656K, used 868K [0x00000000d5580000, 0x00000000d5d80000, 0x0000000100000000)
  eden space 4096K, 0% used [0x00000000d5580000,0x00000000d5580000,0x00000000d5980000)
  from space 2560K, 33% used [0x00000000d5980000,0x00000000d5a59210,0x00000000d5c00000)
  to   space 1536K, 0% used [0x00000000d5c00000,0x00000000d5c00000,0x00000000d5d80000)
 ParOldGen       total 1021440K, used 1021396K [0x0000000080000000, 0x00000000be580000, 0x00000000d5580000)
  object space 1021440K, 99% used [0x0000000080000000,0x00000000be575260,0x00000000be580000)
 Metaspace       used 86455K, committed 88128K, reserved 1179648K
  class space    used 8954K, committed 9664K, reserved 1048576K
}
Event: 3134.422 GC heap before
{Heap before GC invocations=610 (full 4):
 PSYoungGen      total 6656K, used 4964K [0x00000000d5580000, 0x00000000d5d80000, 0x0000000100000000)
  eden space 4096K, 100% used [0x00000000d5580000,0x00000000d5980000,0x00000000d5980000)
  from space 2560K, 33% used [0x00000000d5980000,0x00000000d5a59210,0x00000000d5c00000)
  to   space 1536K, 0% used [0x00000000d5c00000,0x00000000d5c00000,0x00000000d5d80000)
 ParOldGen       total 1021440K, used 1021396K [0x0000000080000000, 0x00000000be580000, 0x00000000d5580000)
  object space 1021440K, 99% used [0x0000000080000000,0x00000000be575260,0x00000000be580000)
 Metaspace       used 86455K, committed 88128K, reserved 1179648K
  class space    used 8954K, committed 9664K, reserved 1048576K
}
Event: 3134.427 GC heap after
{Heap after GC invocations=610 (full 4):
 PSYoungGen      total 5632K, used 1167K [0x00000000d5580000, 0x00000000d5d80000, 0x0000000100000000)
  eden space 4096K, 0% used [0x00000000d5580000,0x00000000d5580000,0x00000000d5980000)
  from space 1536K, 75% used [0x00000000d5c00000,0x00000000d5d23c10,0x00000000d5d80000)
  to   space 1536K, 0% used [0x00000000d5a80000,0x00000000d5a80000,0x00000000d5c00000)
 ParOldGen       total 1021952K, used 1021740K [0x0000000080000000, 0x00000000be600000, 0x00000000d5580000)
  object space 1021952K, 99% used [0x0000000080000000,0x00000000be5cb260,0x00000000be600000)
 Metaspace       used 86455K, committed 88128K, reserved 1179648K
  class space    used 8954K, committed 9664K, reserved 1048576K
}
Event: 3134.448 GC heap before
{Heap before GC invocations=611 (full 4):
 PSYoungGen      total 5632K, used 5132K [0x00000000d5580000, 0x00000000d5d80000, 0x0000000100000000)
  eden space 4096K, 96% used [0x00000000d5580000,0x00000000d595f608,0x00000000d5980000)
  from space 1536K, 75% used [0x00000000d5c00000,0x00000000d5d23c10,0x00000000d5d80000)
  to   space 1536K, 0% used [0x00000000d5a80000,0x00000000d5a80000,0x00000000d5c00000)
 ParOldGen       total 1021952K, used 1021740K [0x0000000080000000, 0x00000000be600000, 0x00000000d5580000)
  object space 1021952K, 99% used [0x0000000080000000,0x00000000be5cb260,0x00000000be600000)
 Metaspace       used 86455K, committed 88128K, reserved 1179648K
  class space    used 8954K, committed 9664K, reserved 1048576K
}
Event: 3134.454 GC heap after
{Heap after GC invocations=611 (full 4):
 PSYoungGen      total 5120K, used 596K [0x00000000d5580000, 0x00000000d5c80000, 0x0000000100000000)
  eden space 4096K, 0% used [0x00000000d5580000,0x00000000d5580000,0x00000000d5980000)
  from space 1024K, 58% used [0x00000000d5a80000,0x00000000d5b15200,0x00000000d5b80000)
  to   space 1024K, 0% used [0x00000000d5b80000,0x00000000d5b80000,0x00000000d5c80000)
 ParOldGen       total 1022976K, used 1022500K [0x0000000080000000, 0x00000000be700000, 0x00000000d5580000)
  object space 1022976K, 99% used [0x0000000080000000,0x00000000be6893f0,0x00000000be700000)
 Metaspace       used 86455K, committed 88128K, reserved 1179648K
  class space    used 8954K, committed 9664K, reserved 1048576K
}
Event: 3134.501 GC heap before
{Heap before GC invocations=612 (full 4):
 PSYoungGen      total 5120K, used 4692K [0x00000000d5580000, 0x00000000d5c80000, 0x0000000100000000)
  eden space 4096K, 100% used [0x00000000d5580000,0x00000000d5980000,0x00000000d5980000)
  from space 1024K, 58% used [0x00000000d5a80000,0x00000000d5b15200,0x00000000d5b80000)
  to   space 1024K, 0% used [0x00000000d5b80000,0x00000000d5b80000,0x00000000d5c80000)
 ParOldGen       total 1022976K, used 1022500K [0x0000000080000000, 0x00000000be700000, 0x00000000d5580000)
  object space 1022976K, 99% used [0x0000000080000000,0x00000000be6893f0,0x00000000be700000)
 Metaspace       used 86459K, committed 88128K, reserved 1179648K
  class space    used 8954K, committed 9664K, reserved 1048576K
}
Event: 3134.504 GC heap after
{Heap after GC invocations=612 (full 4):
 PSYoungGen      total 5120K, used 1013K [0x00000000d5580000, 0x00000000d5d80000, 0x0000000100000000)
  eden space 4096K, 0% used [0x00000000d5580000,0x00000000d5580000,0x00000000d5980000)
  from space 1024K, 98% used [0x00000000d5b80000,0x00000000d5c7d400,0x00000000d5c80000)
  to   space 2048K, 0% used [0x00000000d5980000,0x00000000d5980000,0x00000000d5b80000)
 ParOldGen       total 1023488K, used 1023161K [0x0000000080000000, 0x00000000be780000, 0x00000000d5580000)
  object space 1023488K, 99% used [0x0000000080000000,0x00000000be72e7f0,0x00000000be780000)
 Metaspace       used 86459K, committed 88128K, reserved 1179648K
  class space    used 8954K, committed 9664K, reserved 1048576K
}
Event: 3134.668 GC heap before
{Heap before GC invocations=613 (full 4):
 PSYoungGen      total 5120K, used 5045K [0x00000000d5580000, 0x00000000d5d80000, 0x0000000100000000)
  eden space 4096K, 98% used [0x00000000d5580000,0x00000000d59703a8,0x00000000d5980000)
  from space 1024K, 98% used [0x00000000d5b80000,0x00000000d5c7d400,0x00000000d5c80000)
  to   space 2048K, 0% used [0x00000000d5980000,0x00000000d5980000,0x00000000d5b80000)
 ParOldGen       total 1086976K, used 1084602K [0x0000000080000000, 0x00000000c2580000, 0x00000000d5580000)
  object space 1086976K, 99% used [0x0000000080000000,0x00000000c232e850,0x00000000c2580000)
 Metaspace       used 86459K, committed 88128K, reserved 1179648K
  class space    used 8954K, committed 9664K, reserved 1048576K
}
Event: 3134.674 GC heap after
{Heap after GC invocations=613 (full 4):
 PSYoungGen      total 6144K, used 2027K [0x00000000d5580000, 0x00000000d6280000, 0x0000000100000000)
  eden space 4096K, 0% used [0x00000000d5580000,0x00000000d5580000,0x00000000d5980000)
  from space 2048K, 98% used [0x00000000d5980000,0x00000000d5b7ac78,0x00000000d5b80000)
  to   space 4608K, 0% used [0x00000000d5e00000,0x00000000d5e00000,0x00000000d6280000)
 ParOldGen       total 1086976K, used 1086308K [0x0000000080000000, 0x00000000c2580000, 0x00000000d5580000)
  object space 1086976K, 99% used [0x0000000080000000,0x00000000c24d9050,0x00000000c2580000)
 Metaspace       used 86459K, committed 88128K, reserved 1179648K
  class space    used 8954K, committed 9664K, reserved 1048576K
}
Event: 3134.730 GC heap before
{Heap before GC invocations=614 (full 4):
 PSYoungGen      total 6144K, used 6123K [0x00000000d5580000, 0x00000000d6280000, 0x0000000100000000)
  eden space 4096K, 100% used [0x00000000d5580000,0x00000000d5980000,0x00000000d5980000)
  from space 2048K, 98% used [0x00000000d5980000,0x00000000d5b7ac78,0x00000000d5b80000)
  to   space 4608K, 0% used [0x00000000d5e00000,0x00000000d5e00000,0x00000000d6280000)
 ParOldGen       total 1086976K, used 1086308K [0x0000000080000000, 0x00000000c2580000, 0x00000000d5580000)
  object space 1086976K, 99% used [0x0000000080000000,0x00000000c24d9050,0x00000000c2580000)
 Metaspace       used 86459K, committed 88128K, reserved 1179648K
  class space    used 8954K, committed 9664K, reserved 1048576K
}

Dll operation events (12 events):
Event: 0.027 Loaded shared library c:\Users\Administrator\.vscode\extensions\redhat.java-1.54.0-win32-x64\jre\21.0.10-win32-x86_64\bin\java.dll
Event: 0.342 Loaded shared library c:\Users\Administrator\.vscode\extensions\redhat.java-1.54.0-win32-x64\jre\21.0.10-win32-x86_64\bin\zip.dll
Event: 0.424 Loaded shared library C:\Users\Administrator\.vscode\extensions\redhat.java-1.54.0-win32-x64\jre\21.0.10-win32-x86_64\bin\instrument.dll
Event: 0.435 Loaded shared library C:\Users\Administrator\.vscode\extensions\redhat.java-1.54.0-win32-x64\jre\21.0.10-win32-x86_64\bin\net.dll
Event: 0.441 Loaded shared library C:\Users\Administrator\.vscode\extensions\redhat.java-1.54.0-win32-x64\jre\21.0.10-win32-x86_64\bin\nio.dll
Event: 0.466 Loaded shared library C:\Users\Administrator\.vscode\extensions\redhat.java-1.54.0-win32-x64\jre\21.0.10-win32-x86_64\bin\zip.dll
Event: 0.561 Loaded shared library C:\Users\Administrator\.vscode\extensions\redhat.java-1.54.0-win32-x64\jre\21.0.10-win32-x86_64\bin\jimage.dll
Event: 0.845 Loaded shared library c:\Users\Administrator\.vscode\extensions\redhat.java-1.54.0-win32-x64\jre\21.0.10-win32-x86_64\bin\verify.dll
Event: 17.457 Loaded shared library C:\Users\Administrator\AppData\Roaming\Code\User\globalStorage\redhat.java\1.54.0\config_win\org.eclipse.equinox.launcher\org.eclipse.equinox.launcher.win32.win32.x86_64_1.3.0.v20260203-2149\eclipse_11919.dll
Event: 26.573 Loaded shared library C:\Users\Administrator\AppData\Local\Temp\jna-146731693\jna5614480005130479941.dll
Event: 28.731 Loaded shared library C:\Users\Administrator\.vscode\extensions\redhat.java-1.54.0-win32-x64\jre\21.0.10-win32-x86_64\bin\sunmscapi.dll
Event: 29.549 Loaded shared library C:\Users\Administrator\.vscode\extensions\redhat.java-1.54.0-win32-x64\jre\21.0.10-win32-x86_64\bin\extnet.dll

Deoptimization events (20 events):
Event: 3123.478 Thread 0x0000020ec22694d0 DEOPT PACKING pc=0x0000020eebb5d654 sp=0x00000042e13fe1f0
Event: 3123.479 Thread 0x0000020ec22694d0 DEOPT UNPACKING pc=0x0000020eea503aa2 sp=0x00000042e13fe198 mode 2
Event: 3123.509 Thread 0x0000020ec22694d0 Uncommon trap: trap_request=0xffffffbe fr.pc=0x0000020eebb5d654 relative=0x0000000000001354
Event: 3123.509 Thread 0x0000020ec22694d0 Uncommon trap: reason=profile_predicate action=maybe_recompile pc=0x0000020eebb5d654 method=org.eclipse.core.internal.localstore.UnifiedTree.addChildren(Lorg/eclipse/core/internal/localstore/UnifiedTreeNode;)V @ 421 c2
Event: 3123.509 Thread 0x0000020ec22694d0 DEOPT PACKING pc=0x0000020eebb5d654 sp=0x00000042e13fe1f0
Event: 3123.509 Thread 0x0000020ec22694d0 DEOPT UNPACKING pc=0x0000020eea503aa2 sp=0x00000042e13fe198 mode 2
Event: 3124.349 Thread 0x0000020ec2266d70 Uncommon trap: trap_request=0xffffff6e fr.pc=0x0000020eebba7d88 relative=0x0000000000002028
Event: 3124.349 Thread 0x0000020ec2266d70 Uncommon trap: reason=loop_limit_check action=maybe_recompile pc=0x0000020eebba7d88 method=org.eclipse.jdt.internal.compiler.lookup.BinaryTypeBinding.getMethods([C)[Lorg/eclipse/jdt/internal/compiler/lookup/MethodBinding; @ 227 c2
Event: 3124.349 Thread 0x0000020ec2266d70 DEOPT PACKING pc=0x0000020eebba7d88 sp=0x00000042e35fde30
Event: 3124.349 Thread 0x0000020ec2266d70 DEOPT UNPACKING pc=0x0000020eea503aa2 sp=0x00000042e35fdd40 mode 2
Event: 3126.120 Thread 0x0000020efda8c060 Uncommon trap: trap_request=0xffffff45 fr.pc=0x0000020eebaa6088 relative=0x0000000000001f28
Event: 3126.120 Thread 0x0000020efda8c060 Uncommon trap: reason=unstable_if action=reinterpret pc=0x0000020eebaa6088 method=org.eclipse.jdt.internal.compiler.util.SimpleLookupTable.containsKey(Ljava/lang/Object;)Z @ 35 c2
Event: 3126.120 Thread 0x0000020efda8c060 DEOPT PACKING pc=0x0000020eebaa6088 sp=0x00000042e31feaf0
Event: 3126.120 Thread 0x0000020efda8c060 DEOPT UNPACKING pc=0x0000020eea503aa2 sp=0x00000042e31fea18 mode 2
Event: 3126.120 Thread 0x0000020efda8c060 Uncommon trap: trap_request=0xffffff45 fr.pc=0x0000020eeba091f8 relative=0x00000000000004d8
Event: 3126.120 Thread 0x0000020efda8c060 Uncommon trap: reason=unstable_if action=reinterpret pc=0x0000020eeba091f8 method=org.eclipse.jdt.internal.compiler.util.SimpleLookupTable.containsKey(Ljava/lang/Object;)Z @ 35 c2
Event: 3126.120 Thread 0x0000020efda8c060 DEOPT PACKING pc=0x0000020eeba091f8 sp=0x00000042e31fea70
Event: 3126.120 Thread 0x0000020efda8c060 DEOPT UNPACKING pc=0x0000020eea503aa2 sp=0x00000042e31fea10 mode 2
Event: 3134.259 Thread 0x0000020ec226c950 DEOPT PACKING pc=0x0000020ee336a3c9 sp=0x00000042e39fd060
Event: 3134.259 Thread 0x0000020ec226c950 DEOPT UNPACKING pc=0x0000020eea504242 sp=0x00000042e39fc578 mode 0

Classes loaded (20 events):
Event: 3063.356 Loading class java/lang/Throwable$WrappedPrintWriter
Event: 3063.357 Loading class java/lang/Throwable$PrintStreamOrWriter
Event: 3063.357 Loading class java/lang/Throwable$PrintStreamOrWriter done
Event: 3063.357 Loading class java/lang/Throwable$WrappedPrintWriter done
Event: 3066.892 Loading class org/xml/sax/SAXNotRecognizedException
Event: 3066.893 Loading class org/xml/sax/SAXNotRecognizedException done
Event: 3066.893 Loading class org/xml/sax/SAXNotSupportedException
Event: 3066.893 Loading class org/xml/sax/SAXNotSupportedException done
Event: 3066.901 Loading class com/sun/org/apache/xerces/internal/util/URI
Event: 3066.903 Loading class com/sun/org/apache/xerces/internal/util/URI done
Event: 3066.905 Loading class com/sun/org/apache/xerces/internal/xni/XNIException
Event: 3066.907 Loading class com/sun/org/apache/xerces/internal/xni/XNIException done
Event: 3066.916 Loading class com/sun/org/apache/xerces/internal/xni/parser/XMLParseException
Event: 3066.917 Loading class com/sun/org/apache/xerces/internal/xni/parser/XMLParseException done
Event: 3067.286 Loading class java/util/concurrent/ArrayBlockingQueue
Event: 3067.288 Loading class java/util/concurrent/ArrayBlockingQueue done
Event: 3069.880 Loading class java/util/regex/Pattern$Behind
Event: 3069.880 Loading class java/util/regex/Pattern$Behind done
Event: 3069.881 Loading class java/util/regex/Pattern$Neg
Event: 3069.881 Loading class java/util/regex/Pattern$Neg done

Classes unloaded (20 events):
Event: 3036.949 Thread 0x0000020ef67f2df0 Unloading class 0x0000020e81014800 'java/lang/invoke/LambdaForm$MH+0x0000020e81014800'
Event: 3036.949 Thread 0x0000020ef67f2df0 Unloading class 0x0000020e8100d800 'java/lang/invoke/LambdaForm$MH+0x0000020e8100d800'
Event: 3036.950 Thread 0x0000020ef67f2df0 Unloading class 0x0000020e8100d400 'java/lang/invoke/LambdaForm$MH+0x0000020e8100d400'
Event: 3036.950 Thread 0x0000020ef67f2df0 Unloading class 0x0000020e8100d000 'java/lang/invoke/LambdaForm$MH+0x0000020e8100d000'
Event: 3036.950 Thread 0x0000020ef67f2df0 Unloading class 0x0000020e8100cc00 'java/lang/invoke/LambdaForm$MH+0x0000020e8100cc00'
Event: 3036.950 Thread 0x0000020ef67f2df0 Unloading class 0x0000020e8100c800 'java/lang/invoke/LambdaForm$BMH+0x0000020e8100c800'
Event: 3036.950 Thread 0x0000020ef67f2df0 Unloading class 0x0000020e8100c000 'java/lang/invoke/LambdaForm$DMH+0x0000020e8100c000'
Event: 3036.950 Thread 0x0000020ef67f2df0 Unloading class 0x0000020e81008c00 'java/lang/invoke/LambdaForm$MH+0x0000020e81008c00'
Event: 3036.950 Thread 0x0000020ef67f2df0 Unloading class 0x0000020e81008800 'java/lang/invoke/LambdaForm$MH+0x0000020e81008800'
Event: 3036.950 Thread 0x0000020ef67f2df0 Unloading class 0x0000020e81008400 'java/lang/invoke/LambdaForm$MH+0x0000020e81008400'
Event: 3036.950 Thread 0x0000020ef67f2df0 Unloading class 0x0000020e81007000 'java/lang/invoke/LambdaForm$MH+0x0000020e81007000'
Event: 3036.950 Thread 0x0000020ef67f2df0 Unloading class 0x0000020e81006800 'java/lang/invoke/LambdaForm$MH+0x0000020e81006800'
Event: 3036.950 Thread 0x0000020ef67f2df0 Unloading class 0x0000020e81006400 'java/lang/invoke/LambdaForm$MH+0x0000020e81006400'
Event: 3036.950 Thread 0x0000020ef67f2df0 Unloading class 0x0000020e81006000 'java/lang/invoke/LambdaForm$MH+0x0000020e81006000'
Event: 3036.950 Thread 0x0000020ef67f2df0 Unloading class 0x0000020e81005c00 'java/lang/invoke/LambdaForm$BMH+0x0000020e81005c00'
Event: 3036.951 Thread 0x0000020ef67f2df0 Unloading class 0x0000020e81004800 'java/lang/invoke/LambdaForm$DMH+0x0000020e81004800'
Event: 3036.951 Thread 0x0000020ef67f2df0 Unloading class 0x0000020e81002800 'java/lang/invoke/LambdaForm$MH+0x0000020e81002800'
Event: 3036.951 Thread 0x0000020ef67f2df0 Unloading class 0x0000020e81002400 'java/lang/invoke/LambdaForm$MH+0x0000020e81002400'
Event: 3036.951 Thread 0x0000020ef67f2df0 Unloading class 0x0000020e81002000 'java/lang/invoke/LambdaForm$MH+0x0000020e81002000'
Event: 3036.951 Thread 0x0000020ef67f2df0 Unloading class 0x0000020e81001800 'java/lang/invoke/LambdaForm$MH+0x0000020e81001800'

Classes redefined (0 events):
No events

Internal exceptions (20 events):
Event: 3069.820 Thread 0x0000020ec22666e0 Exception <a 'java/lang/NoSuchMethodError'{0x00000000d564d2e0}: 'void java.lang.invoke.DirectMethodHandle$Holder.invokeSpecial(java.lang.Object, java.lang.Object, int)'> (0x00000000d564d2e0) 
thrown [s\src\hotspot\share\interpreter\linkResolver.cpp, line 773]
Event: 3069.908 Thread 0x0000020ec22666e0 Exception <a 'java/lang/NoSuchMethodError'{0x00000000d57aeb40}: 'int java.lang.invoke.DirectMethodHandle$Holder.invokeVirtual(java.lang.Object, java.lang.Object, java.lang.Object, int)'> (0x00000000d57aeb40) 
thrown [s\src\hotspot\share\interpreter\linkResolver.cpp, line 773]
Event: 3071.374 Thread 0x0000020efda8c060 Exception <a 'sun/nio/fs/WindowsException'{0x00000000d5600698}> (0x00000000d5600698) 
thrown [s\src\hotspot\share\prims\jni.cpp, line 520]
Event: 3072.466 Thread 0x0000020efda8c060 Exception <a 'sun/nio/fs/WindowsException'{0x00000000d56142c0}> (0x00000000d56142c0) 
thrown [s\src\hotspot\share\prims\jni.cpp, line 520]
Event: 3086.979 Thread 0x0000020efda8c060 Exception <a 'sun/nio/fs/WindowsException'{0x00000000d55dd2c8}> (0x00000000d55dd2c8) 
thrown [s\src\hotspot\share\prims\jni.cpp, line 520]
Event: 3087.358 Thread 0x0000020efda8c060 Exception <a 'sun/nio/fs/WindowsException'{0x00000000d570d480}> (0x00000000d570d480) 
thrown [s\src\hotspot\share\prims\jni.cpp, line 520]
Event: 3107.426 Thread 0x0000020ef8beed70 Implicit null exception at 0x0000020eeaaf00b0 to 0x0000020eeaaf0131
Event: 3107.520 Thread 0x0000020efda8c060 Exception <a 'sun/nio/fs/WindowsException'{0x00000000d5687160}> (0x00000000d5687160) 
thrown [s\src\hotspot\share\prims\jni.cpp, line 520]
Event: 3108.326 Thread 0x0000020efda8c060 Exception <a 'sun/nio/fs/WindowsException'{0x00000000d559a988}> (0x00000000d559a988) 
thrown [s\src\hotspot\share\prims\jni.cpp, line 520]
Event: 3111.443 Thread 0x0000020efda8c060 Exception <a 'sun/nio/fs/WindowsException'{0x00000000d5750d88}> (0x00000000d5750d88) 
thrown [s\src\hotspot\share\prims\jni.cpp, line 520]
Event: 3112.071 Thread 0x0000020efda8c060 Exception <a 'sun/nio/fs/WindowsException'{0x00000000d57b2710}> (0x00000000d57b2710) 
thrown [s\src\hotspot\share\prims\jni.cpp, line 520]
Event: 3116.159 Thread 0x0000020efda8c060 Exception <a 'sun/nio/fs/WindowsException'{0x00000000d56ff648}> (0x00000000d56ff648) 
thrown [s\src\hotspot\share\prims\jni.cpp, line 520]
Event: 3116.843 Thread 0x0000020efda8c060 Exception <a 'sun/nio/fs/WindowsException'{0x00000000d5647c90}> (0x00000000d5647c90) 
thrown [s\src\hotspot\share\prims\jni.cpp, line 520]
Event: 3119.165 Thread 0x0000020efda8c060 Exception <a 'sun/nio/fs/WindowsException'{0x00000000d577c448}> (0x00000000d577c448) 
thrown [s\src\hotspot\share\prims\jni.cpp, line 520]
Event: 3119.827 Thread 0x0000020efda8c060 Exception <a 'sun/nio/fs/WindowsException'{0x00000000d5651308}> (0x00000000d5651308) 
thrown [s\src\hotspot\share\prims\jni.cpp, line 520]
Event: 3122.677 Thread 0x0000020efda8c060 Exception <a 'sun/nio/fs/WindowsException'{0x00000000d56541d8}> (0x00000000d56541d8) 
thrown [s\src\hotspot\share\prims\jni.cpp, line 520]
Event: 3123.459 Thread 0x0000020efda8c060 Exception <a 'sun/nio/fs/WindowsException'{0x00000000d558d9a0}> (0x00000000d558d9a0) 
thrown [s\src\hotspot\share\prims\jni.cpp, line 520]
Event: 3125.323 Thread 0x0000020efda8c060 Exception <a 'sun/nio/fs/WindowsException'{0x00000000d5756510}> (0x00000000d5756510) 
thrown [s\src\hotspot\share\prims\jni.cpp, line 520]
Event: 3126.084 Thread 0x0000020efda8c060 Exception <a 'sun/nio/fs/WindowsException'{0x00000000d558c950}> (0x00000000d558c950) 
thrown [s\src\hotspot\share\prims\jni.cpp, line 520]
Event: 3134.195 Thread 0x0000020efda8c060 Exception <a 'sun/nio/fs/WindowsException'{0x00000000d564a798}> (0x00000000d564a798) 
thrown [s\src\hotspot\share\prims\jni.cpp, line 520]

ZGC Phase Switch (0 events):
No events

VM Operations (20 events):
Event: 3134.239 Executing safepoint VM operation: ParallelGCFailedAllocation (Allocation Failure) done
Event: 3134.249 Executing safepoint VM operation: ParallelGCFailedAllocation (Allocation Failure)
Event: 3134.254 Executing safepoint VM operation: ParallelGCFailedAllocation (Allocation Failure) done
Event: 3134.269 Executing safepoint VM operation: ParallelGCFailedAllocation (Allocation Failure)
Event: 3134.275 Executing safepoint VM operation: ParallelGCFailedAllocation (Allocation Failure) done
Event: 3134.315 Executing safepoint VM operation: ParallelGCFailedAllocation (Allocation Failure)
Event: 3134.323 Executing safepoint VM operation: ParallelGCFailedAllocation (Allocation Failure) done
Event: 3134.343 Executing safepoint VM operation: ParallelGCFailedAllocation (Allocation Failure)
Event: 3134.351 Executing safepoint VM operation: ParallelGCFailedAllocation (Allocation Failure) done
Event: 3134.363 Executing safepoint VM operation: ParallelGCFailedAllocation (Allocation Failure)
Event: 3134.397 Executing safepoint VM operation: ParallelGCFailedAllocation (Allocation Failure) done
Event: 3134.422 Executing safepoint VM operation: ParallelGCFailedAllocation (Allocation Failure)
Event: 3134.427 Executing safepoint VM operation: ParallelGCFailedAllocation (Allocation Failure) done
Event: 3134.448 Executing safepoint VM operation: ParallelGCFailedAllocation (Allocation Failure)
Event: 3134.454 Executing safepoint VM operation: ParallelGCFailedAllocation (Allocation Failure) done
Event: 3134.501 Executing safepoint VM operation: ParallelGCFailedAllocation (Allocation Failure)
Event: 3134.504 Executing safepoint VM operation: ParallelGCFailedAllocation (Allocation Failure) done
Event: 3134.667 Executing safepoint VM operation: ParallelGCFailedAllocation (Allocation Failure)
Event: 3134.674 Executing safepoint VM operation: ParallelGCFailedAllocation (Allocation Failure) done
Event: 3134.730 Executing safepoint VM operation: ParallelGCFailedAllocation (Allocation Failure)

Memory protections (0 events):
No events

Nmethod flushes (20 events):
Event: 3037.175 Thread 0x0000020ef67f2df0 flushing  nmethod 0x0000020ee41f2d90
Event: 3037.175 Thread 0x0000020ef67f2df0 flushing  nmethod 0x0000020ee41f3d10
Event: 3037.175 Thread 0x0000020ef67f2df0 flushing  nmethod 0x0000020ee41f5710
Event: 3037.175 Thread 0x0000020ef67f2df0 flushing  nmethod 0x0000020ee41f6590
Event: 3037.175 Thread 0x0000020ef67f2df0 flushing  nmethod 0x0000020ee41f7690
Event: 3037.175 Thread 0x0000020ef67f2df0 flushing  nmethod 0x0000020ee41f8d90
Event: 3037.175 Thread 0x0000020ef67f2df0 flushing  nmethod 0x0000020ee41fb310
Event: 3037.175 Thread 0x0000020ef67f2df0 flushing  nmethod 0x0000020ee4203a10
Event: 3037.175 Thread 0x0000020ef67f2df0 flushing  nmethod 0x0000020ee4207190
Event: 3037.175 Thread 0x0000020ef67f2df0 flushing  nmethod 0x0000020ee4208410
Event: 3037.175 Thread 0x0000020ef67f2df0 flushing  nmethod 0x0000020ee422b490
Event: 3037.175 Thread 0x0000020ef67f2df0 flushing  nmethod 0x0000020ee4236f10
Event: 3037.175 Thread 0x0000020ef67f2df0 flushing  nmethod 0x0000020ee4237410
Event: 3037.175 Thread 0x0000020ef67f2df0 flushing  nmethod 0x0000020ee4273890
Event: 3037.175 Thread 0x0000020ef67f2df0 flushing  nmethod 0x0000020ee42ecd10
Event: 3037.175 Thread 0x0000020ef67f2df0 flushing  nmethod 0x0000020ee42eda90
Event: 3037.175 Thread 0x0000020ef67f2df0 flushing  nmethod 0x0000020ee4318590
Event: 3037.175 Thread 0x0000020ef67f2df0 flushing  nmethod 0x0000020ee431c790
Event: 3037.175 Thread 0x0000020ef67f2df0 flushing  nmethod 0x0000020ee4397910
Event: 3037.175 Thread 0x0000020ef67f2df0 flushing  nmethod 0x0000020ee4398990

Events (20 events):
Event: 3105.717 Thread 0x0000020efee6f060 Thread exited: 0x0000020efee6f060
Event: 3105.721 Thread 0x0000020ef80e8d50 Thread added: 0x0000020efee71270
Event: 3106.822 Thread 0x0000020efee71270 Thread exited: 0x0000020efee71270
Event: 3108.059 Thread 0x0000020ef80e8d50 Thread added: 0x0000020efee72010
Event: 3110.060 Thread 0x0000020efee72010 Thread exited: 0x0000020efee72010
Event: 3111.597 Thread 0x0000020ef80e8d50 Thread added: 0x0000020efee6fe00
Event: 3112.720 Thread 0x0000020efee6fe00 Thread exited: 0x0000020efee6fe00
Event: 3116.337 Thread 0x0000020ef80e8d50 Thread added: 0x0000020efee6fe00
Event: 3117.020 Thread 0x0000020efee6fe00 Thread exited: 0x0000020efee6fe00
Event: 3119.093 Thread 0x0000020ef80e8d50 Thread added: 0x0000020efee72010
Event: 3119.400 Thread 0x0000020efee72010 Thread exited: 0x0000020efee72010
Event: 3119.726 Thread 0x0000020ef80e8d50 Thread added: 0x0000020efee71270
Event: 3120.604 Thread 0x0000020efee71270 Thread exited: 0x0000020efee71270
Event: 3123.025 Thread 0x0000020ef80e8d50 Thread added: 0x0000020efee72010
Event: 3123.350 Thread 0x0000020efee72010 Thread exited: 0x0000020efee72010
Event: 3124.422 Thread 0x0000020ef80e8d50 Thread added: 0x0000020efee6f060
Event: 3124.766 Thread 0x0000020efee6f060 Thread exited: 0x0000020efee6f060
Event: 3125.581 Thread 0x0000020ef80e8d50 Thread added: 0x0000020efee72010
Event: 3126.120 Thread 0x0000020efee72010 Thread exited: 0x0000020efee72010
Event: 3134.280 Thread 0x0000020ef80e8d50 Thread added: 0x0000020efee6f060


Dynamic libraries:
0x00007ff6526d0000 - 0x00007ff6526de000 	c:\Users\Administrator\.vscode\extensions\redhat.java-1.54.0-win32-x64\jre\21.0.10-win32-x86_64\bin\java.exe
0x00007ffd62f60000 - 0x00007ffd631c7000 	C:\WINDOWS\SYSTEM32\ntdll.dll
0x00007ffd61d70000 - 0x00007ffd61e39000 	C:\WINDOWS\System32\KERNEL32.DLL
0x00007ffd5f9f0000 - 0x00007ffd5fde4000 	C:\WINDOWS\System32\KERNELBASE.dll
0x00007ffd59460000 - 0x00007ffd594ff000 	C:\WINDOWS\SYSTEM32\apphelp.dll
0x00007ffd5fdf0000 - 0x00007ffd5ff3b000 	C:\WINDOWS\System32\ucrtbase.dll
0x00007ffd436f0000 - 0x00007ffd43708000 	c:\Users\Administrator\.vscode\extensions\redhat.java-1.54.0-win32-x64\jre\21.0.10-win32-x86_64\bin\jli.dll
0x00007ffd60e60000 - 0x00007ffd61025000 	C:\WINDOWS\System32\USER32.dll
0x00007ffd600b0000 - 0x00007ffd600d7000 	C:\WINDOWS\System32\win32u.dll
0x00007ffd61640000 - 0x00007ffd6166b000 	C:\WINDOWS\System32\GDI32.dll
0x00007ffd5f8c0000 - 0x00007ffd5f9eb000 	C:\WINDOWS\System32\gdi32full.dll
0x00007ffd5ff40000 - 0x00007ffd5ffe3000 	C:\WINDOWS\System32\msvcp_win.dll
0x00007ffd4a960000 - 0x00007ffd4a97e000 	c:\Users\Administrator\.vscode\extensions\redhat.java-1.54.0-win32-x64\jre\21.0.10-win32-x86_64\bin\VCRUNTIME140.dll
0x00007ffd46050000 - 0x00007ffd462e3000 	C:\WINDOWS\WinSxS\amd64_microsoft.windows.common-controls_6595b64144ccf1df_6.0.26100.8115_none_3e075c82e3354f9c\COMCTL32.dll
0x00007ffd62710000 - 0x00007ffd627b9000 	C:\WINDOWS\System32\msvcrt.dll
0x00007ffd62ee0000 - 0x00007ffd62f12000 	C:\WINDOWS\System32\IMM32.DLL
0x00007ffd55c50000 - 0x00007ffd55c5c000 	c:\Users\Administrator\.vscode\extensions\redhat.java-1.54.0-win32-x64\jre\21.0.10-win32-x86_64\bin\vcruntime140_1.dll
0x00007ffd2b7d0000 - 0x00007ffd2b85d000 	c:\Users\Administrator\.vscode\extensions\redhat.java-1.54.0-win32-x64\jre\21.0.10-win32-x86_64\bin\msvcp140.dll
0x00007ffc88f20000 - 0x00007ffc89cc1000 	c:\Users\Administrator\.vscode\extensions\redhat.java-1.54.0-win32-x64\jre\21.0.10-win32-x86_64\bin\server\jvm.dll
0x00007ffd62a80000 - 0x00007ffd62b36000 	C:\WINDOWS\System32\ADVAPI32.dll
0x00007ffd625b0000 - 0x00007ffd62657000 	C:\WINDOWS\System32\sechost.dll
0x00007ffd62960000 - 0x00007ffd62a78000 	C:\WINDOWS\System32\RPCRT4.dll
0x00007ffd615b0000 - 0x00007ffd61630000 	C:\WINDOWS\System32\WS2_32.dll
0x00007ffd5f690000 - 0x00007ffd5f6ee000 	C:\WINDOWS\SYSTEM32\POWRPROF.dll
0x00007ffd462f0000 - 0x00007ffd46326000 	C:\WINDOWS\SYSTEM32\WINMM.dll
0x00007ffd4d3c0000 - 0x00007ffd4d3cb000 	C:\WINDOWS\SYSTEM32\VERSION.dll
0x00007ffd5f670000 - 0x00007ffd5f684000 	C:\WINDOWS\SYSTEM32\UMPDC.dll
0x00007ffd5e580000 - 0x00007ffd5e59b000 	C:\WINDOWS\SYSTEM32\kernel.appcore.dll
0x00007ffd51ca0000 - 0x00007ffd51caa000 	c:\Users\Administrator\.vscode\extensions\redhat.java-1.54.0-win32-x64\jre\21.0.10-win32-x86_64\bin\jimage.dll
0x00007ffd5d920000 - 0x00007ffd5db62000 	C:\WINDOWS\SYSTEM32\DBGHELP.DLL
0x00007ffd61120000 - 0x00007ffd614a2000 	C:\WINDOWS\System32\combase.dll
0x00007ffd61670000 - 0x00007ffd61748000 	C:\WINDOWS\System32\OLEAUT32.dll
0x00007ffd35240000 - 0x00007ffd3527b000 	C:\WINDOWS\SYSTEM32\dbgcore.DLL
0x00007ffd60250000 - 0x00007ffd602f5000 	C:\WINDOWS\System32\bcryptPrimitives.dll
0x00007ffd51bc0000 - 0x00007ffd51bcf000 	c:\Users\Administrator\.vscode\extensions\redhat.java-1.54.0-win32-x64\jre\21.0.10-win32-x86_64\bin\instrument.dll
0x00007ffd3f4b0000 - 0x00007ffd3f4d0000 	c:\Users\Administrator\.vscode\extensions\redhat.java-1.54.0-win32-x64\jre\21.0.10-win32-x86_64\bin\java.dll
0x00007ffd61e40000 - 0x00007ffd625a7000 	C:\WINDOWS\System32\SHELL32.dll
0x00007ffd600e0000 - 0x00007ffd6024a000 	C:\WINDOWS\System32\wintypes.dll
0x00007ffd60300000 - 0x00007ffd60b68000 	C:\WINDOWS\System32\windows.storage.dll
0x00007ffd61c70000 - 0x00007ffd61d68000 	C:\WINDOWS\System32\SHCORE.dll
0x00007ffd62b40000 - 0x00007ffd62ba6000 	C:\WINDOWS\System32\shlwapi.dll
0x00007ffd5f750000 - 0x00007ffd5f779000 	C:\WINDOWS\SYSTEM32\profapi.dll
0x00007ffd3e750000 - 0x00007ffd3e768000 	c:\Users\Administrator\.vscode\extensions\redhat.java-1.54.0-win32-x64\jre\21.0.10-win32-x86_64\bin\zip.dll
0x00007ffd4ac70000 - 0x00007ffd4ac80000 	C:\Users\Administrator\.vscode\extensions\redhat.java-1.54.0-win32-x64\jre\21.0.10-win32-x86_64\bin\net.dll
0x00007ffd51510000 - 0x00007ffd5163d000 	C:\WINDOWS\SYSTEM32\WINHTTP.dll
0x00007ffd5ead0000 - 0x00007ffd5eb3c000 	C:\WINDOWS\system32\mswsock.dll
0x00007ffd3e650000 - 0x00007ffd3e666000 	C:\Users\Administrator\.vscode\extensions\redhat.java-1.54.0-win32-x64\jre\21.0.10-win32-x86_64\bin\nio.dll
0x00007ffd47ee0000 - 0x00007ffd47ef0000 	c:\Users\Administrator\.vscode\extensions\redhat.java-1.54.0-win32-x64\jre\21.0.10-win32-x86_64\bin\verify.dll
0x00007ffd330e0000 - 0x00007ffd33125000 	C:\Users\Administrator\AppData\Roaming\Code\User\globalStorage\redhat.java\1.54.0\config_win\org.eclipse.equinox.launcher\org.eclipse.equinox.launcher.win32.win32.x86_64_1.3.0.v20260203-2149\eclipse_11919.dll
0x00007ffd627c0000 - 0x00007ffd62957000 	C:\WINDOWS\System32\ole32.dll
0x00007ffd5eed0000 - 0x00007ffd5eeeb000 	C:\WINDOWS\SYSTEM32\CRYPTSP.dll
0x00007ffd5e4e0000 - 0x00007ffd5e519000 	C:\WINDOWS\system32\rsaenh.dll
0x00007ffd5eb80000 - 0x00007ffd5ebb3000 	C:\WINDOWS\SYSTEM32\USERENV.dll
0x00007ffd5f720000 - 0x00007ffd5f74a000 	C:\WINDOWS\SYSTEM32\bcrypt.dll
0x00007ffd5ed30000 - 0x00007ffd5ed3c000 	C:\WINDOWS\SYSTEM32\CRYPTBASE.dll
0x00007ffd5df60000 - 0x00007ffd5df92000 	C:\WINDOWS\SYSTEM32\IPHLPAPI.DLL
0x00007ffd626e0000 - 0x00007ffd626ea000 	C:\WINDOWS\System32\NSI.dll
0x00007ffd38410000 - 0x00007ffd38459000 	C:\Users\Administrator\AppData\Local\Temp\jna-146731693\jna5614480005130479941.dll
0x00007ffd60e50000 - 0x00007ffd60e58000 	C:\WINDOWS\System32\PSAPI.DLL
0x00007ffd518e0000 - 0x00007ffd518fd000 	C:\WINDOWS\SYSTEM32\dhcpcsvc6.DLL
0x00007ffd518b0000 - 0x00007ffd518d5000 	C:\WINDOWS\SYSTEM32\dhcpcsvc.DLL
0x00007ffd55ec0000 - 0x00007ffd55ece000 	C:\Users\Administrator\.vscode\extensions\redhat.java-1.54.0-win32-x64\jre\21.0.10-win32-x86_64\bin\sunmscapi.dll
0x00007ffd60b70000 - 0x00007ffd60ce7000 	C:\WINDOWS\System32\CRYPT32.dll
0x00007ffd5f030000 - 0x00007ffd5f060000 	C:\WINDOWS\SYSTEM32\ncrypt.dll
0x00007ffd5efe0000 - 0x00007ffd5f01f000 	C:\WINDOWS\SYSTEM32\NTASN1.dll
0x00007ffd5dfa0000 - 0x00007ffd5e0d2000 	C:\WINDOWS\SYSTEM32\DNSAPI.dll
0x00007ffd4ae00000 - 0x00007ffd4ae0b000 	C:\Windows\System32\rasadhlp.dll
0x00007ffd4da50000 - 0x00007ffd4dad6000 	C:\WINDOWS\System32\fwpuclnt.dll
0x00007ffd4db20000 - 0x00007ffd4db29000 	C:\Users\Administrator\.vscode\extensions\redhat.java-1.54.0-win32-x64\jre\21.0.10-win32-x86_64\bin\extnet.dll

JVMTI agents:
c:\Users\Administrator\.vscode\extensions\redhat.java-1.54.0-win32-x64\lombok\lombok-1.18.39-4050.jar path:c:\Users\Administrator\.vscode\extensions\redhat.java-1.54.0-win32-x64\jre\21.0.10-win32-x86_64\bin\instrument.dll, loaded, initialized, instrumentlib options:none

dbghelp: loaded successfully - version: 4.0.5 - missing functions: none
symbol engine: initialized successfully - sym options: 0x614 - pdb path: .;c:\Users\Administrator\.vscode\extensions\redhat.java-1.54.0-win32-x64\jre\21.0.10-win32-x86_64\bin;C:\WINDOWS\SYSTEM32;C:\WINDOWS\WinSxS\amd64_microsoft.windows.common-controls_6595b64144ccf1df_6.0.26100.8115_none_3e075c82e3354f9c;c:\Users\Administrator\.vscode\extensions\redhat.java-1.54.0-win32-x64\jre\21.0.10-win32-x86_64\bin\server;C:\Users\Administrator\AppData\Roaming\Code\User\globalStorage\redhat.java\1.54.0\config_win\org.eclipse.equinox.launcher\org.eclipse.equinox.launcher.win32.win32.x86_64_1.3.0.v20260203-2149;C:\Users\Administrator\AppData\Local\Temp\jna-146731693

VM Arguments:
jvm_args: --add-modules=ALL-SYSTEM --add-opens=java.base/java.util=ALL-UNNAMED --add-opens=java.base/java.lang=ALL-UNNAMED --add-opens=java.base/sun.nio.fs=ALL-UNNAMED -Declipse.application=org.eclipse.jdt.ls.core.id1 -Dosgi.bundles.defaultStartLevel=4 -Declipse.product=org.eclipse.jdt.ls.core.product -Djava.import.generatesMetadataFilesAtProjectRoot=false -DDetectVMInstallationsJob.disabled=true -Dfile.encoding=utf8 -XX:+UseParallelGC -XX:GCTimeRatio=4 -XX:AdaptiveSizePolicyWeight=90 -Dsun.zip.disableMemoryMapping=true -Xmx2G -Xms100m -Xlog:disable -javaagent:c:\Users\Administrator\.vscode\extensions\redhat.java-1.54.0-win32-x64\lombok\lombok-1.18.39-4050.jar -XX:+HeapDumpOnOutOfMemoryError -XX:HeapDumpPath=c:\Users\Administrator\AppData\Roaming\Code\User\workspaceStorage\afe2f5c12785859c5b06f73c34bd9f89\redhat.java -Daether.dependencyCollector.impl=bf 
java_command: c:\Users\Administrator\.vscode\extensions\redhat.java-1.54.0-win32-x64\server\plugins\org.eclipse.equinox.launcher_1.7.100.v20251111-0406.jar -configuration c:\Users\Administrator\AppData\Roaming\Code\User\globalStorage\redhat.java\1.54.0\config_win -data c:\Users\Administrator\AppData\Roaming\Code\User\workspaceStorage\afe2f5c12785859c5b06f73c34bd9f89\redhat.java\jdt_ws --pipe=\\.\pipe\lsp-9932a90997eb4455086b45b77b10f523-sock
java_class_path (initial): c:\Users\Administrator\.vscode\extensions\redhat.java-1.54.0-win32-x64\server\plugins\org.eclipse.equinox.launcher_1.7.100.v20251111-0406.jar
Launcher Type: SUN_STANDARD

[Global flags]
    uintx AdaptiveSizePolicyWeight                 = 90                                        {product} {command line}
     intx CICompilerCount                          = 4                                         {product} {ergonomic}
    uintx GCTimeRatio                              = 4                                         {product} {command line}
     bool HeapDumpOnOutOfMemoryError               = true                                   {manageable} {command line}
    ccstr HeapDumpPath                             = c:\Users\Administrator\AppData\Roaming\Code\User\workspaceStorage\afe2f5c12785859c5b06f73c34bd9f89\redhat.java         {manageable} {command line}
   size_t InitialHeapSize                          = 104857600                                 {product} {command line}
   size_t MaxHeapSize                              = 2147483648                                {product} {command line}
   size_t MaxNewSize                               = 715653120                                 {product} {ergonomic}
   size_t MinHeapDeltaBytes                        = 524288                                    {product} {ergonomic}
   size_t MinHeapSize                              = 104857600                                 {product} {command line}
   size_t NewSize                                  = 34603008                                  {product} {ergonomic}
    uintx NonNMethodCodeHeapSize                   = 5839372                                {pd product} {ergonomic}
    uintx NonProfiledCodeHeapSize                  = 122909434                              {pd product} {ergonomic}
   size_t OldSize                                  = 70254592                                  {product} {ergonomic}
    uintx ProfiledCodeHeapSize                     = 122909434                              {pd product} {ergonomic}
    uintx ReservedCodeCacheSize                    = 251658240                              {pd product} {ergonomic}
     bool SegmentedCodeCache                       = true                                      {product} {ergonomic}
   size_t SoftMaxHeapSize                          = 2147483648                             {manageable} {ergonomic}
     bool UseCompressedOops                        = true                           {product lp64_product} {ergonomic}
     bool UseLargePagesIndividualAllocation        = false                                  {pd product} {ergonomic}
     bool UseParallelGC                            = true                                      {product} {command line}

Logging:
Log output configuration:
 #0: stdout all=off uptime,level,tags foldmultilines=false
 #1: stderr all=off uptime,level,tags foldmultilines=false

Release file:
JAVA_VERSION="21.0.10" 
MODULES="java.base java.compiler java.datatransfer java.xml java.prefs java.desktop java.instrument java.logging java.management java.security.sasl java.naming java.rmi java.management.rmi java.net.http java.scripting java.security.jgss java.transaction.xa java.sql java.sql.rowset java.xml.crypto java.se java.smartcardio jdk.accessibility jdk.internal.jvmstat jdk.attach jdk.charsets jdk.internal.opt jdk.zipfs jdk.compiler jdk.crypto.ec jdk.crypto.cryptoki jdk.crypto.mscapi jdk.dynalink jdk.internal.ed jdk.editpad jdk.hotspot.agent jdk.httpserver jdk.internal.le jdk.internal.vm.ci jdk.internal.vm.compiler jdk.internal.vm.compiler.management jdk.jartool jdk.javadoc jdk.jcmd jdk.management jdk.management.agent jdk.jconsole jdk.jdeps jdk.jdwp.agent jdk.jdi jdk.jfr jdk.jshell jdk.jsobject jdk.jstatd jdk.localedata jdk.management.jfr jdk.naming.dns jdk.naming.rmi jdk.net jdk.nio.mapmode jdk.random jdk.sctp jdk.security.auth jdk.security.jgss jdk.unsupported jdk.unsupported.desktop jdk.xml.dom" 

Environment Variables:
JAVA_HOME=C:\Program Files\Java\jdk-17
PATH=C:\Users\Administrator\AppData\Local\Programs\Microsoft VS Code;C:\Program Files\Common Files\Oracle\Java\javapath;C:\WINDOWS\system32;C:\WINDOWS;C:\WINDOWS\System32\Wbem;C:\WINDOWS\System32\WindowsPowerShell\v1.0\;C:\WINDOWS\System32\OpenSSH\;C:\Program Files\Java\jdk-17\bin;C:\Program Files\nodejs\;C:\Program Files\Git\cmd;C:\Users\Administrator\AppData\Local\Programs\Python\Python311\Scripts\;C:\Users\Administrator\AppData\Local\Programs\Python\Python311\;C:\Users\Administrator\AppData\Local\Programs\Python\Launcher\;C:\Users\Administrator\AppData\Local\Microsoft\WindowsApps;C:\Users\Administrator\AppData\Local\Programs\Microsoft VS Code\bin;C:\Users\Administrator\AppData\Roaming\npm;C:\Program Files\apache-maven-3.9.11\apache-maven\src\bin\mvn.cmd;C:\Program Files\Maven\apache-maven-3.9.11\bin;
USERNAME=Administrator
OS=Windows_NT
PROCESSOR_IDENTIFIER=Intel64 Family 6 Model 142 Stepping 10, GenuineIntel
TMP=C:\Users\ADMINI~1\AppData\Local\Temp
TEMP=C:\Users\ADMINI~1\AppData\Local\Temp




Periodic native trim disabled

---------------  S Y S T E M  ---------------

OS:
 Windows 11 , 64 bit Build 26100 (10.0.26100.8246)
OS uptime: 4 days 22:54 hours
Hyper-V role detected

CPU: total 8 (initial active 8) (4 cores per cpu, 2 threads per core) family 6 model 142 stepping 10 microcode 0xf6, cx8, cmov, fxsr, ht, mmx, 3dnowpref, sse, sse2, sse3, ssse3, sse4.1, sse4.2, popcnt, lzcnt, tsc, tscinvbit, avx, avx2, aes, erms, clmul, bmi1, bmi2, rtm, adx, fma, vzeroupper, clflush, clflushopt, hv, rdtscp, f16c
Processor Information for the first 8 processors :
  Max Mhz: 1896, Current Mhz: 1696, Mhz Limit: 1687

Memory: 4k page, system-wide physical 8035M (758M free)
TotalPageFile size 14179M (AvailPageFile size 4M)
current process WorkingSet (physical memory assigned to process): 1336M, peak: 1336M
current process commit charge ("private bytes"): 1442M, peak: 1443M

vm_info: OpenJDK 64-Bit Server VM (21.0.10+7-LTS) for windows-amd64 JRE (21.0.10+7-LTS), built on 2026-01-20T00:00:00Z by "admin" with MS VC++ 17.12 (VS2022)

END.
